dell@DESKTOP-13O0T4G MINGW64 ~/Documents (master)
$ mkdir 11May2022

dell@DESKTOP-13O0T4G MINGW64 ~/Documents (master)
$ cd 11May2022

dell@DESKTOP-13O0T4G MINGW64 ~/Documents/11May2022 (master)
$ vi file1.txt

dell@DESKTOP-13O0T4G MINGW64 ~/Documents/11May2022 (master)
$ git init
Initialized empty Git repository in C:/Users/dell/Documents/11May2022/.git/

dell@DESKTOP-13O0T4G MINGW64 ~/Documents/11May2022 (master)
$ git status
On branch master

No commits yet

Untracked files:
  (use "git add <file>..." to include in what will be committed)
        file1.txt

nothing added to commit but untracked files present (use "git add" to track)

dell@DESKTOP-13O0T4G MINGW64 ~/Documents/11May2022 (master)
$ git add file1.txt
warning: LF will be replaced by CRLF in file1.txt.
The file will have its original line endings in your working directory

dell@DESKTOP-13O0T4G MINGW64 ~/Documents/11May2022 (master)
$ git status
On branch master

No commits yet

Changes to be committed:
  (use "git rm --cached <file>..." to unstage)
        new file:   file1.txt


dell@DESKTOP-13O0T4G MINGW64 ~/Documents/11May2022 (master)
$ git config --global user.name "Yashaswini.M"

dell@DESKTOP-13O0T4G MINGW64 ~/Documents/11May2022 (master)
$ git config --global user.email "yashaswini.m@thundersoft.com"

dell@DESKTOP-13O0T4G MINGW64 ~/Documents/11May2022 (master)
$ git commit -m "First Commit"
[master (root-commit) 6577094] First Commit
 1 file changed, 1 insertion(+)
 create mode 100644 file1.txt

dell@DESKTOP-13O0T4G MINGW64 ~/Documents/11May2022 (master)
$ git log
commit 65770949aec370030b2ff4e0bfe3485487dde2b8 (HEAD -> master)
Author: Yashaswini.M <yashaswini.m@thundersoft.com>
Date:   Wed May 11 12:49:17 2022 +0530

    First Commit

dell@DESKTOP-13O0T4G MINGW64 ~/Documents/11May2022 (master)
$ git remote add origin https://github.com/Yashaswini71/11thMay-2022.git

dell@DESKTOP-13O0T4G MINGW64 ~/Documents/11May2022 (master)
$ git push -u origin master
Enumerating objects: 3, done.
Counting objects: 100% (3/3), done.
Writing objects: 100% (3/3), 234 bytes | 234.00 KiB/s, done.
Total 3 (delta 0), reused 0 (delta 0), pack-reused 0
To https://github.com/Yashaswini71/11thMay-2022.git
 * [new branch]      master -> master
branch 'master' set up to track 'origin/master'.

dell@DESKTOP-13O0T4G MINGW64 ~/Documents/11May2022 (master)
$ git branch
* master

dell@DESKTOP-13O0T4G MINGW64 ~/Documents/11May2022 (master)
$ git branch -b branch1
error: unknown switch `b'
usage: git branch [<options>] [-r | -a] [--merged] [--no-merged]
   or: git branch [<options>] [-f] [--recurse-submodules] <branch-name> [<start-point>]
   or: git branch [<options>] [-l] [<pattern>...]
   or: git branch [<options>] [-r] (-d | -D) <branch-name>...
   or: git branch [<options>] (-m | -M) [<old-branch>] <new-branch>
   or: git branch [<options>] (-c | -C) [<old-branch>] <new-branch>
   or: git branch [<options>] [-r | -a] [--points-at]
   or: git branch [<options>] [-r | -a] [--format]

Generic options
    -v, --verbose         show hash and subject, give twice for upstream branch
    -q, --quiet           suppress informational messages
    -t, --track[=(direct|inherit)]
                          set branch tracking configuration
    -u, --set-upstream-to <upstream>
                          change the upstream info
    --unset-upstream      unset the upstream info
    --color[=<when>]      use colored output
    -r, --remotes         act on remote-tracking branches
    --contains <commit>   print only branches that contain the commit
    --no-contains <commit>
                          print only branches that don't contain the commit
    --abbrev[=<n>]        use <n> digits to display object names

Specific git-branch actions:
    -a, --all             list both remote-tracking and local branches
    -d, --delete          delete fully merged branch
    -D                    delete branch (even if not merged)
    -m, --move            move/rename a branch and its reflog
    -M                    move/rename a branch, even if target exists
    -c, --copy            copy a branch and its reflog
    -C                    copy a branch, even if target exists
    -l, --list            list branch names
    --show-current        show current branch name
    --create-reflog       create the branch's reflog
    --edit-description    edit the description for the branch
    -f, --force           force creation, move/rename, deletion
    --merged <commit>     print only branches that are merged
    --no-merged <commit>  print only branches that are not merged
    --column[=<style>]    list branches in columns
    --sort <key>          field name to sort on
    --points-at <object>  print only branches of the object
    -i, --ignore-case     sorting and filtering are case insensitive
    --recurse-submodules  recurse through submodules
    --format <format>     format to use for the output


dell@DESKTOP-13O0T4G MINGW64 ~/Documents/11May2022 (master)
$ git checkout -b branch1
Switched to a new branch 'branch1'

dell@DESKTOP-13O0T4G MINGW64 ~/Documents/11May2022 (branch1)
$ git branch
* branch1
  master

dell@DESKTOP-13O0T4G MINGW64 ~/Documents/11May2022 (branch1)
$ vi file1.txt

dell@DESKTOP-13O0T4G MINGW64 ~/Documents/11May2022 (branch1)
$ git add file1.txt
warning: LF will be replaced by CRLF in file1.txt.
The file will have its original line endings in your working directory

dell@DESKTOP-13O0T4G MINGW64 ~/Documents/11May2022 (branch1)
$ git status
On branch branch1
Changes to be committed:
  (use "git restore --staged <file>..." to unstage)
        modified:   file1.txt


dell@DESKTOP-13O0T4G MINGW64 ~/Documents/11May2022 (branch1)
$ git commit -m "file1.txt from branch1"
[branch1 1e98fa2] file1.txt from branch1
 1 file changed, 1 insertion(+)

dell@DESKTOP-13O0T4G MINGW64 ~/Documents/11May2022 (branch1)
$ git log
commit 1e98fa244d32bc16edfdff439a2d7acab56ce48a (HEAD -> branch1)
Author: Yashaswini.M <yashaswini.m@thundersoft.com>
Date:   Wed May 11 12:54:47 2022 +0530

    file1.txt from branch1

commit 65770949aec370030b2ff4e0bfe3485487dde2b8 (origin/master, master)
Author: Yashaswini.M <yashaswini.m@thundersoft.com>
Date:   Wed May 11 12:49:17 2022 +0530

    First Commit

dell@DESKTOP-13O0T4G MINGW64 ~/Documents/11May2022 (branch1)
$ git checkout master
Switched to branch 'master'
Your branch is up to date with 'origin/master'.

dell@DESKTOP-13O0T4G MINGW64 ~/Documents/11May2022 (master)
$ cat file1.txt
C programming

dell@DESKTOP-13O0T4G MINGW64 ~/Documents/11May2022 (master)
$ git log
commit 65770949aec370030b2ff4e0bfe3485487dde2b8 (HEAD -> master, origin/master)
Author: Yashaswini.M <yashaswini.m@thundersoft.com>
Date:   Wed May 11 12:49:17 2022 +0530

    First Commit

dell@DESKTOP-13O0T4G MINGW64 ~/Documents/11May2022 (master)
$ git merge branch1
Updating 6577094..1e98fa2
Fast-forward
 file1.txt | 1 +
 1 file changed, 1 insertion(+)

dell@DESKTOP-13O0T4G MINGW64 ~/Documents/11May2022 (master)
$ cat file1.txt
C programming
Data strucvtures

dell@DESKTOP-13O0T4G MINGW64 ~/Documents/11May2022 (master)
$ git push origin master
Enumerating objects: 5, done.
Counting objects: 100% (5/5), done.
Writing objects: 100% (3/3), 288 bytes | 288.00 KiB/s, done.
Total 3 (delta 0), reused 0 (delta 0), pack-reused 0
To https://github.com/Yashaswini71/11thMay-2022.git
   6577094..1e98fa2  master -> master

dell@DESKTOP-13O0T4G MINGW64 ~/Documents/11May2022 (master)
$ git log
commit 1e98fa244d32bc16edfdff439a2d7acab56ce48a (HEAD -> master, origin/master, branch1)
Author: Yashaswini.M <yashaswini.m@thundersoft.com>
Date:   Wed May 11 12:54:47 2022 +0530

    file1.txt from branch1

commit 65770949aec370030b2ff4e0bfe3485487dde2b8
Author: Yashaswini.M <yashaswini.m@thundersoft.com>
Date:   Wed May 11 12:49:17 2022 +0530

    First Commit

dell@DESKTOP-13O0T4G MINGW64 ~/Documents/11May2022 (master)
$ git fetch origin master
remote: Enumerating objects: 5, done.
remote: Counting objects: 100% (5/5), done.
remote: Compressing objects: 100% (2/2), done.
remote: Total 3 (delta 0), reused 0 (delta 0), pack-reused 0
Unpacking objects: 100% (3/3), 667 bytes | 2.00 KiB/s, done.
From https://github.com/Yashaswini71/11thMay-2022
 * branch            master     -> FETCH_HEAD
   1e98fa2..6b00563  master     -> origin/master

dell@DESKTOP-13O0T4G MINGW64 ~/Documents/11May2022 (master)
$ git merge origin/master
Updating 1e98fa2..6b00563
Fast-forward
 file1.txt | 2 ++
 1 file changed, 2 insertions(+)

dell@DESKTOP-13O0T4G MINGW64 ~/Documents/11May2022 (master)
$ cat file1.txt
C programming
Data strucvtures
C++
python programming

dell@DESKTOP-13O0T4G MINGW64 ~/Documents/11May2022 (master)
$ vi file1.txt

dell@DESKTOP-13O0T4G MINGW64 ~/Documents/11May2022 (master)
$ git add file1.txt

dell@DESKTOP-13O0T4G MINGW64 ~/Documents/11May2022 (master)
$ git status
On branch master
Your branch is up to date with 'origin/master'.

Changes to be committed:
  (use "git restore --staged <file>..." to unstage)
        modified:   file1.txt


dell@DESKTOP-13O0T4G MINGW64 ~/Documents/11May2022 (master)
$ git commit -m "Mixed reset commit"
[master fb93538] Mixed reset commit
 1 file changed, 1 insertion(+)

dell@DESKTOP-13O0T4G MINGW64 ~/Documents/11May2022 (master)
$ git log
commit fb935380272597a93f6a3ef929a8bb753155f4d3 (HEAD -> master)
Author: Yashaswini.M <yashaswini.m@thundersoft.com>
Date:   Wed May 11 13:02:22 2022 +0530

    Mixed reset commit

commit 6b00563d63433a001a13f71da989bf91b12606c2 (origin/master)
Author: Yashaswini71 <98573954+Yashaswini71@users.noreply.github.com>
Date:   Wed May 11 12:58:45 2022 +0530

    Update file1.txt

commit 1e98fa244d32bc16edfdff439a2d7acab56ce48a (branch1)
Author: Yashaswini.M <yashaswini.m@thundersoft.com>
Date:   Wed May 11 12:54:47 2022 +0530

    file1.txt from branch1

commit 65770949aec370030b2ff4e0bfe3485487dde2b8
Author: Yashaswini.M <yashaswini.m@thundersoft.com>
Date:   Wed May 11 12:49:17 2022 +0530

    First Commit

dell@DESKTOP-13O0T4G MINGW64 ~/Documents/11May2022 (master)
$ git reset --mixed HEAD~1
Unstaged changes after reset:
M       file1.txt

dell@DESKTOP-13O0T4G MINGW64 ~/Documents/11May2022 (master)
$ git log
commit 6b00563d63433a001a13f71da989bf91b12606c2 (HEAD -> master, origin/master)
Author: Yashaswini71 <98573954+Yashaswini71@users.noreply.github.com>
Date:   Wed May 11 12:58:45 2022 +0530

    Update file1.txt

commit 1e98fa244d32bc16edfdff439a2d7acab56ce48a (branch1)
Author: Yashaswini.M <yashaswini.m@thundersoft.com>
Date:   Wed May 11 12:54:47 2022 +0530

    file1.txt from branch1

commit 65770949aec370030b2ff4e0bfe3485487dde2b8
Author: Yashaswini.M <yashaswini.m@thundersoft.com>
Date:   Wed May 11 12:49:17 2022 +0530

    First Commit

dell@DESKTOP-13O0T4G MINGW64 ~/Documents/11May2022 (master)
$ git status
On branch master
Your branch is up to date with 'origin/master'.

Changes not staged for commit:
  (use "git add <file>..." to update what will be committed)
  (use "git restore <file>..." to discard changes in working directory)
        modified:   file1.txt

no changes added to commit (use "git add" and/or "git commit -a")

dell@DESKTOP-13O0T4G MINGW64 ~/Documents/11May2022 (master)
$ vi file1.txt

dell@DESKTOP-13O0T4G MINGW64 ~/Documents/11May2022 (master)
$ git add file1.txt

dell@DESKTOP-13O0T4G MINGW64 ~/Documents/11May2022 (master)
$ git commit -m "soft commit"
[master 65b3f6b] soft commit
 1 file changed, 2 insertions(+)

dell@DESKTOP-13O0T4G MINGW64 ~/Documents/11May2022 (master)
$ git log
commit 65b3f6b6e9433db1608c710078ea96ee1a1a4357 (HEAD -> master)
Author: Yashaswini.M <yashaswini.m@thundersoft.com>
Date:   Wed May 11 13:10:35 2022 +0530

    soft commit

commit 6b00563d63433a001a13f71da989bf91b12606c2 (origin/master)
Author: Yashaswini71 <98573954+Yashaswini71@users.noreply.github.com>
Date:   Wed May 11 12:58:45 2022 +0530

    Update file1.txt

commit 1e98fa244d32bc16edfdff439a2d7acab56ce48a (branch1)
Author: Yashaswini.M <yashaswini.m@thundersoft.com>
Date:   Wed May 11 12:54:47 2022 +0530

    file1.txt from branch1

commit 65770949aec370030b2ff4e0bfe3485487dde2b8
Author: Yashaswini.M <yashaswini.m@thundersoft.com>
Date:   Wed May 11 12:49:17 2022 +0530

    First Commit

dell@DESKTOP-13O0T4G MINGW64 ~/Documents/11May2022 (master)
$ git reset --soft HEAD~2

dell@DESKTOP-13O0T4G MINGW64 ~/Documents/11May2022 (master)
$ git log
commit 1e98fa244d32bc16edfdff439a2d7acab56ce48a (HEAD -> master, branch1)
Author: Yashaswini.M <yashaswini.m@thundersoft.com>
Date:   Wed May 11 12:54:47 2022 +0530

    file1.txt from branch1

commit 65770949aec370030b2ff4e0bfe3485487dde2b8
Author: Yashaswini.M <yashaswini.m@thundersoft.com>
Date:   Wed May 11 12:49:17 2022 +0530

    First Commit

dell@DESKTOP-13O0T4G MINGW64 ~/Documents/11May2022 (master)
$ git reset --soft HEAD~1

dell@DESKTOP-13O0T4G MINGW64 ~/Documents/11May2022 (master)
$ git log
commit 65770949aec370030b2ff4e0bfe3485487dde2b8 (HEAD -> master)
Author: Yashaswini.M <yashaswini.m@thundersoft.com>
Date:   Wed May 11 12:49:17 2022 +0530

    First Commit

dell@DESKTOP-13O0T4G MINGW64 ~/Documents/11May2022 (master)
$ git status
On branch master
Your branch is behind 'origin/master' by 2 commits, and can be fast-forwarded.
  (use "git pull" to update your local branch)

Changes to be committed:
  (use "git restore --staged <file>..." to unstage)
        modified:   file1.txt


dell@DESKTOP-13O0T4G MINGW64 ~/Documents/11May2022 (master)
$ vi file1.txt

dell@DESKTOP-13O0T4G MINGW64 ~/Documents/11May2022 (master)
$ git add file1.txt

dell@DESKTOP-13O0T4G MINGW64 ~/Documents/11May2022 (master)
$ git status
On branch master
Your branch is behind 'origin/master' by 2 commits, and can be fast-forwarded.
  (use "git pull" to update your local branch)

Changes to be committed:
  (use "git restore --staged <file>..." to unstage)
        modified:   file1.txt


dell@DESKTOP-13O0T4G MINGW64 ~/Documents/11May2022 (master)
$ git commit -m "Hard Commit"
[master 20b83df] Hard Commit
 1 file changed, 7 insertions(+)

dell@DESKTOP-13O0T4G MINGW64 ~/Documents/11May2022 (master)
$ git log
commit 20b83df7c48886058d194dae3a6e863cbf73539d (HEAD -> master)
Author: Yashaswini.M <yashaswini.m@thundersoft.com>
Date:   Wed May 11 13:14:04 2022 +0530

    Hard Commit

commit 65770949aec370030b2ff4e0bfe3485487dde2b8
Author: Yashaswini.M <yashaswini.m@thundersoft.com>
Date:   Wed May 11 12:49:17 2022 +0530

    First Commit

dell@DESKTOP-13O0T4G MINGW64 ~/Documents/11May2022 (master)
$ git reset --hard HEAD~1
HEAD is now at 6577094 First Commit

dell@DESKTOP-13O0T4G MINGW64 ~/Documents/11May2022 (master)
$ git log
commit 65770949aec370030b2ff4e0bfe3485487dde2b8 (HEAD -> master)
Author: Yashaswini.M <yashaswini.m@thundersoft.com>
Date:   Wed May 11 12:49:17 2022 +0530

    First Commit

dell@DESKTOP-13O0T4G MINGW64 ~/Documents/11May2022 (master)
$ git status
On branch master
Your branch is behind 'origin/master' by 2 commits, and can be fast-forwarded.
  (use "git pull" to update your local branch)

nothing to commit, working tree clean

dell@DESKTOP-13O0T4G MINGW64 ~/Documents/11May2022 (master)
$ cat file1.txt
C programming
